[INFO ] 2026-10-05 22:58:14.788 [main] Automation_Practice - Url open..!
[INFO ] 2026-10-05 22:58:18.608 [main] Automation_Practice - ----------------testcase1 Started ----------
[INFO ] 2026-10-05 22:58:20.308 [main] Automation_Practice - Clicked on sign up link
[INFO ] 2026-10-05 22:58:21.198 [main] Automation_Practice - Clicked on sign up button
[INFO ] 2026-10-05 22:58:23.257 [main] Automation_Practice - Clicked on Title
[INFO ] 2026-10-05 22:58:29.554 [main] Automation_Practice - Account created
[INFO ] 2026-10-05 22:58:34.209 [main] Automation_Practice - Clicked on continue button
[INFO ] 2026-10-05 22:58:34.210 [main] Automation_Practice - verifing logged succesfully
[INFO ] 2026-10-05 22:58:56.828 [main] Automation_Practice - click on delete account link
[INFO ] 2026-10-05 22:58:56.873 [main] Automation_Practice -  Accont deleted successfully
[INFO ] 2026-10-05 22:59:03.291 [main] Automation_Practice -  Click on Continur btn
[INFO ] 2026-10-05 22:59:03.291 [main] Automation_Practice - ------testcase1 passed!!! -------------
[INFO ] 2026-10-05 23:10:07.247 [main] Automation_Practice - Url open..!
[INFO ] 2026-10-05 23:10:11.611 [main] Automation_Practice - ----------------testcase1 Started ----------
[INFO ] 2026-10-05 23:10:13.468 [main] Automation_Practice - Clicked on sign up link
[INFO ] 2026-10-05 23:10:16.222 [main] Automation_Practice - Clicked on sign up button
[INFO ] 2026-10-05 23:10:16.510 [main] Automation_Practice - Clicked on Title
[INFO ] 2026-10-05 23:10:21.809 [main] Automation_Practice - Account created
[INFO ] 2026-10-05 23:10:24.052 [main] Automation_Practice - Clicked on continue button
[INFO ] 2026-10-05 23:10:24.056 [main] Automation_Practice - verifing logged succesfully
[INFO ] 2026-10-05 23:10:46.800 [main] Automation_Practice - click on delete account link
[INFO ] 2026-10-05 23:10:46.881 [main] Automation_Practice -  Accont deleted successfully
[INFO ] 2026-10-05 23:10:52.392 [main] Automation_Practice -  Click on Continur btn
[INFO ] 2026-10-05 23:10:52.394 [main] Automation_Practice - ------testcase1 passed!!! -------------
[INFO ] 2026-10-06 00:25:28.947 [main] Automation_Practice - Url open..!
[INFO ] 2026-10-06 00:25:33.621 [main] Automation_Practice - Home Page Display with Logo
[INFO ] 2026-10-06 00:25:34.734 [main] Automation_Practice - click on signup/login
[INFO ] 2026-10-06 00:26:00.277 [main] Automation_Practice - Url open..!
[INFO ] 2026-10-06 00:26:04.606 [main] Automation_Practice - Home Page Display with Logo
[INFO ] 2026-10-06 00:26:28.146 [main] Automation_Practice - click on signup/login
[INFO ] 2026-10-06 00:32:51.270 [main] Automation_Practice - Url open..!
[INFO ] 2026-10-06 00:32:58.612 [main] Automation_Practice - Home Page Display with Logo
[INFO ] 2026-10-06 00:33:00.573 [main] Automation_Practice - click on signup/login
[INFO ] 2026-10-06 00:33:23.407 [main] Automation_Practice - Clicked on sign up button
[INFO ] 2026-10-06 00:33:24.041 [main] Automation_Practice - Clicked on Title
[INFO ] 2026-10-06 00:48:30.490 [main] Automation_Practice - Url open..!
[INFO ] 2026-10-06 00:48:35.393 [main] Automation_Practice - ----------------testcase1 Started ----------
[INFO ] 2026-10-06 00:48:59.441 [main] Automation_Practice - Clicked on sign up link
[INFO ] 2026-10-06 00:49:03.075 [main] Automation_Practice - Clicked on sign up button
[INFO ] 2026-10-06 00:49:03.680 [main] Automation_Practice - Clicked on Title
[INFO ] 2026-10-06 00:49:13.776 [main] Automation_Practice - Account created
[INFO ] 2026-10-06 00:49:14.028 [main] Automation_Practice - Clicked on continue button
[INFO ] 2026-10-06 00:49:14.088 [main] Automation_Practice - verifing logged succesfully
[INFO ] 2026-10-06 00:49:37.489 [main] Automation_Practice - click on delete account link
[INFO ] 2026-10-06 00:49:37.524 [main] Automation_Practice -  Accont deleted successfully
[INFO ] 2026-10-06 00:49:39.473 [main] Automation_Practice -  Click on Continur btn
[INFO ] 2026-10-06 00:49:39.473 [main] Automation_Practice - ------testcase1 passed!!! -------------
[INFO ] 2026-10-06 01:15:22.170 [main] Automation_Practice - Url open..!
[INFO ] 2026-10-06 01:15:25.801 [main] Automation_Practice - Home Page Display with Logo
[INFO ] 2026-10-06 01:15:29.368 [main] Automation_Practice - click on signup/login
[INFO ] 2026-10-06 01:16:11.148 [main] Automation_Practice - Url open..!
[INFO ] 2026-10-06 01:16:15.851 [main] Automation_Practice - Home Page Display with Logo
[INFO ] 2026-10-06 01:16:17.890 [main] Automation_Practice - click on signup/login
[INFO ] 2026-10-06 01:25:09.174 [main] Automation_Practice - Url open..!
[INFO ] 2026-10-06 01:25:17.436 [main] Automation_Practice - Clicked on sign up link
[INFO ] 2026-10-06 01:25:20.686 [main] Automation_Practice - Clicked on sign up button
[INFO ] 2026-10-06 01:25:21.219 [main] Automation_Practice - Clicked on Title
[INFO ] 2026-10-06 01:25:51.517 [main] Automation_Practice - Account created
[INFO ] 2026-10-06 01:25:52.525 [main] Automation_Practice - Clicked on continue button
[INFO ] 2026-10-06 01:27:14.505 [main] Automation_Practice - Url open..!
[INFO ] 2026-10-06 01:27:22.154 [main] Automation_Practice - Clicked on sign up link
[INFO ] 2026-10-06 01:27:26.446 [main] Automation_Practice - Clicked on sign up button
[INFO ] 2026-10-06 01:27:27.471 [main] Automation_Practice - Clicked on Title
[INFO ] 2026-10-06 01:27:37.427 [main] Automation_Practice - Account created
[INFO ] 2026-10-06 01:27:42.642 [main] Automation_Practice - Clicked on continue button
[INFO ] 2026-10-06 01:30:08.088 [main] Automation_Practice - Url open..!
[INFO ] 2026-10-06 01:30:16.272 [main] Automation_Practice - Clicked on sign up link
[INFO ] 2026-10-06 01:30:21.856 [main] Automation_Practice - Clicked on sign up button
[INFO ] 2026-10-06 01:30:23.040 [main] Automation_Practice - Clicked on Title
[INFO ] 2026-10-06 01:30:32.621 [main] Automation_Practice - Account created
[INFO ] 2026-10-06 01:30:35.963 [main] Automation_Practice - Clicked on continue button
[INFO ] 2026-10-06 01:34:48.445 [main] Automation_Practice - Url open..!
[INFO ] 2026-10-06 01:35:51.269 [main] Automation_Practice - Url open..!
[INFO ] 2026-10-06 01:37:42.303 [main] Automation_Practice - Url open..!
[INFO ] 2026-10-06 01:37:48.394 [main] Automation_Practice - Clicked on sign up link
[INFO ] 2026-10-06 01:38:12.840 [main] Automation_Practice - Clicked on sign up button
[INFO ] 2026-10-06 01:38:13.197 [main] Automation_Practice - Clicked on Title
[INFO ] 2026-10-06 01:38:40.407 [main] Automation_Practice - Account created
[INFO ] 2026-10-06 01:38:40.668 [main] Automation_Practice - Clicked on continue button
[INFO ] 2026-10-06 01:48:59.078 [main] Automation_Practice - Url open..!
[INFO ] 2026-10-06 01:49:08.594 [main] Automation_Practice - Clicked on sign up link
[INFO ] 2026-10-06 01:49:15.107 [main] Automation_Practice - Clicked on sign up button
[INFO ] 2026-10-06 01:49:15.945 [main] Automation_Practice - Clicked on Title
[INFO ] 2026-10-06 01:49:26.519 [main] Automation_Practice - Account created
[INFO ] 2026-10-06 01:49:26.909 [main] Automation_Practice - Clicked on continue button
[INFO ] 2026-10-06 01:49:33.293 [main] Automation_Practice - Clicked on logout button
[INFO ] 2026-10-06 01:49:33.355 [main] Automation_Practice - Home Page Display with Logo
[INFO ] 2026-10-06 01:49:34.876 [main] Automation_Practice - click on signup/login
[INFO ] 2026-10-06 01:49:34.952 [main] Automation_Practice - sign in page display
[INFO ] 2026-10-06 01:53:53.313 [main] Automation_Practice - Url open..!
[INFO ] 2026-10-06 01:54:03.747 [main] Automation_Practice - Clicked on sign up link
[INFO ] 2026-10-06 01:54:07.154 [main] Automation_Practice - Clicked on sign up button
[INFO ] 2026-10-06 01:54:22.754 [main] Automation_Practice - Clicked on Title
[INFO ] 2026-10-06 01:54:31.324 [main] Automation_Practice - Account created
[INFO ] 2026-10-06 01:54:32.071 [main] Automation_Practice - Clicked on continue button
[INFO ] 2026-10-06 01:55:24.218 [main] Automation_Practice - Url open..!
[INFO ] 2026-10-06 01:55:29.339 [main] Automation_Practice - Clicked on sign up link
[INFO ] 2026-10-06 01:55:32.456 [main] Automation_Practice - Clicked on sign up button
[INFO ] 2026-10-06 01:55:33.159 [main] Automation_Practice - Clicked on Title
[INFO ] 2026-10-06 01:55:39.952 [main] Automation_Practice - Account created
[INFO ] 2026-10-06 01:55:43.107 [main] Automation_Practice - Clicked on continue button
[INFO ] 2026-10-06 01:55:44.636 [main] Automation_Practice - Clicked on logout button
[INFO ] 2026-10-06 01:55:45.082 [main] Automation_Practice - Home Page Display with Logo
[INFO ] 2026-10-06 01:55:47.098 [main] Automation_Practice - click on signup/login
[INFO ] 2026-10-06 01:55:47.143 [main] Automation_Practice - sign in page display
[INFO ] 2026-10-06 01:58:14.179 [main] Automation_Practice - Url open..!
[INFO ] 2026-10-06 01:58:18.730 [main] Automation_Practice - ----------------testcase1 Started ----------
[INFO ] 2026-10-06 01:58:20.083 [main] Automation_Practice - Clicked on sign up link
[INFO ] 2026-10-06 01:58:23.012 [main] Automation_Practice - Clicked on sign up button
[INFO ] 2026-10-06 01:58:23.729 [main] Automation_Practice - Clicked on Title
[INFO ] 2026-10-06 01:58:34.103 [main] Automation_Practice - Account created
[INFO ] 2026-10-06 01:58:36.698 [main] Automation_Practice - Clicked on continue button
[INFO ] 2026-10-06 01:58:36.710 [main] Automation_Practice - verifing logged succesfully
[INFO ] 2026-10-06 01:58:59.922 [main] Automation_Practice - click on delete account link
[INFO ] 2026-10-06 01:58:59.962 [main] Automation_Practice -  Accont deleted successfully
[INFO ] 2026-10-06 01:59:02.869 [main] Automation_Practice -  Click on Continur btn
[INFO ] 2026-10-06 01:59:02.870 [main] Automation_Practice - ------testcase1 passed!!! -------------
[INFO ] 2026-10-06 01:59:05.041 [main] Automation_Practice - Url open..!
[INFO ] 2026-10-06 01:59:12.247 [main] Automation_Practice - Clicked on sign up link
[INFO ] 2026-10-06 01:59:13.397 [main] Automation_Practice - Clicked on sign up button
[INFO ] 2026-10-06 01:59:15.540 [main] Automation_Practice - Clicked on Title
[INFO ] 2026-10-06 01:59:23.004 [main] Automation_Practice - Account created
[INFO ] 2026-10-06 01:59:25.138 [main] Automation_Practice - Clicked on continue button
[INFO ] 2026-10-06 01:59:27.854 [main] Automation_Practice - Clicked on logout button
[INFO ] 2026-10-06 01:59:27.936 [main] Automation_Practice - Home Page Display with Logo
[INFO ] 2026-10-06 01:59:29.645 [main] Automation_Practice - click on signup/login
[INFO ] 2026-10-06 01:59:29.712 [main] Automation_Practice - sign in page display
[INFO ] 2026-10-06 02:09:00.909 [main] Automation_Practice - Url open..!
[INFO ] 2026-10-06 02:09:09.439 [main] Automation_Practice - ----------------testcase1 Started ----------
[INFO ] 2026-10-06 02:09:13.111 [main] Automation_Practice - Clicked on sign up link
[INFO ] 2026-10-06 02:09:16.367 [main] Automation_Practice - Clicked on sign up button
[INFO ] 2026-10-06 02:09:16.974 [main] Automation_Practice - Clicked on Title
[INFO ] 2026-10-06 02:09:25.424 [main] Automation_Practice - Account created
[INFO ] 2026-10-06 02:09:28.387 [main] Automation_Practice - Clicked on continue button
[INFO ] 2026-10-06 02:09:28.390 [main] Automation_Practice - verifing logged succesfully
[INFO ] 2026-10-06 02:09:51.932 [main] Automation_Practice - click on delete account link
[INFO ] 2026-10-06 02:09:51.988 [main] Automation_Practice -  Accont deleted successfully
[INFO ] 2026-10-06 02:09:54.968 [main] Automation_Practice -  Click on Continur btn
[INFO ] 2026-10-06 02:09:54.969 [main] Automation_Practice - ------testcase1 passed!!! -------------
[INFO ] 2026-10-06 02:09:57.477 [main] Automation_Practice - Url open..!
[INFO ] 2026-10-06 02:10:05.590 [main] Automation_Practice - Clicked on sign up link
[INFO ] 2026-10-06 02:10:08.676 [main] Automation_Practice - Clicked on sign up button
[INFO ] 2026-10-06 02:10:09.349 [main] Automation_Practice - Clicked on Title
[INFO ] 2026-10-06 02:10:20.030 [main] Automation_Practice - Account created
[INFO ] 2026-10-06 02:10:24.964 [main] Automation_Practice - Clicked on continue button
[INFO ] 2026-10-06 02:10:27.973 [main] Automation_Practice - Clicked on logout button
[INFO ] 2026-10-06 02:10:28.091 [main] Automation_Practice - Home Page Display with Logo
[INFO ] 2026-10-06 02:10:31.324 [main] Automation_Practice - click on signup/login
[INFO ] 2026-10-06 02:10:31.378 [main] Automation_Practice - sign in page display
[INFO ] 2026-10-06 12:56:10.050 [main] Automation_Practice - Url open..!
[INFO ] 2026-10-06 12:56:15.851 [main] Automation_Practice - ----------------testcase1 Started ----------
[INFO ] 2026-10-06 12:56:17.010 [main] Automation_Practice - Clicked on sign up link
[INFO ] 2026-10-06 12:56:19.611 [main] Automation_Practice - Clicked on sign up button
[INFO ] 2026-10-06 12:56:20.052 [main] Automation_Practice - Clicked on Title
[INFO ] 2026-10-06 12:56:26.979 [main] Automation_Practice - Account created
[INFO ] 2026-10-06 12:56:29.962 [main] Automation_Practice - Clicked on continue button
[INFO ] 2026-10-06 12:56:29.965 [main] Automation_Practice - verifing logged succesfully
[INFO ] 2026-10-06 12:56:52.755 [main] Automation_Practice - click on delete account link
[INFO ] 2026-10-06 12:56:52.800 [main] Automation_Practice -  Accont deleted successfully
[INFO ] 2026-10-06 12:56:54.961 [main] Automation_Practice -  Click on Continur btn
[INFO ] 2026-10-06 12:56:54.961 [main] Automation_Practice - ------testcase1 passed!!! -------------
[INFO ] 2026-10-06 12:56:56.916 [main] Automation_Practice - Url open..!
[INFO ] 2026-10-06 12:57:02.220 [main] Automation_Practice - Clicked on sign up link
[INFO ] 2026-10-06 12:57:03.230 [main] Automation_Practice - Clicked on sign up button
[INFO ] 2026-10-06 12:57:04.974 [main] Automation_Practice - Clicked on Title
[INFO ] 2026-10-06 12:57:11.517 [main] Automation_Practice - Account created
[INFO ] 2026-10-06 12:57:14.659 [main] Automation_Practice - Clicked on continue button
[INFO ] 2026-10-06 12:57:16.640 [main] Automation_Practice - Clicked on logout button
[INFO ] 2026-10-06 12:57:16.675 [main] Automation_Practice - Home Page Display with Logo
[INFO ] 2026-10-06 12:57:18.890 [main] Automation_Practice - click on signup/login
[INFO ] 2026-10-06 12:57:18.937 [main] Automation_Practice - sign in page display
[INFO ] 2026-10-06 13:15:24.861 [main] Automation_Practice - Url open..!
[INFO ] 2026-10-06 13:15:32.852 [main] Automation_Practice - Clicked on sign up link
[INFO ] 2026-10-06 13:15:34.325 [main] Automation_Practice - Clicked on sign up button
[INFO ] 2026-10-06 13:15:34.701 [main] Automation_Practice - Clicked on Title
[INFO ] 2026-10-06 13:15:43.915 [main] Automation_Practice - Account created
[INFO ] 2026-10-06 13:15:46.184 [main] Automation_Practice - Clicked on continue button
[INFO ] 2026-10-06 13:15:48.961 [main] Automation_Practice - Clicked on logout button
[INFO ] 2026-10-06 13:15:48.995 [main] Automation_Practice - Home Page Display with Logo
[INFO ] 2026-10-06 13:15:50.862 [main] Automation_Practice - click on signup/login
[INFO ] 2026-10-06 13:15:50.921 [main] Automation_Practice - sign in page display
[INFO ] 2026-10-06 13:16:22.308 [main] Automation_Practice - Url open..!
[INFO ] 2026-10-06 13:16:31.349 [main] Automation_Practice - Clicked on sign up link
[INFO ] 2026-10-06 13:16:44.574 [main] Automation_Practice - Clicked on sign up button
[INFO ] 2026-10-06 13:16:45.169 [main] Automation_Practice - Clicked on Title
[INFO ] 2026-10-06 13:16:59.942 [main] Automation_Practice - Account created
[INFO ] 2026-10-06 13:17:01.838 [main] Automation_Practice - Clicked on continue button
[INFO ] 2026-10-06 13:17:31.310 [main] Automation_Practice - Clicked on logout button
[INFO ] 2026-10-06 13:17:31.405 [main] Automation_Practice - Home Page Display with Logo
[INFO ] 2026-10-06 13:17:33.606 [main] Automation_Practice - click on signup/login
[INFO ] 2026-10-06 13:17:33.656 [main] Automation_Practice - sign in page display
[INFO ] 2026-10-06 15:01:58.526 [main] Automation_Practice - Url open..!
[INFO ] 2026-10-06 15:02:10.477 [main] Automation_Practice - Clicked on sign up link
[INFO ] 2026-10-06 15:02:16.279 [main] Automation_Practice - Clicked on sign up button
[INFO ] 2026-10-06 15:02:16.922 [main] Automation_Practice - Clicked on Title
[INFO ] 2026-10-06 15:02:30.200 [main] Automation_Practice - Account created
[INFO ] 2026-10-06 15:02:30.775 [main] Automation_Practice - Clicked on continue button
[INFO ] 2026-10-06 15:02:43.242 [main] Automation_Practice - Clicked on logout button
[INFO ] 2026-10-06 15:02:43.383 [main] Automation_Practice - Home Page Display with Logo
[INFO ] 2026-10-06 15:02:46.495 [main] Automation_Practice - click on signup/login
[INFO ] 2026-10-06 15:02:46.542 [main] Automation_Practice - sign in page display
[INFO ] 2026-10-06 15:05:02.119 [main] Automation_Practice - Url open..!
[INFO ] 2026-10-06 15:05:14.517 [main] Automation_Practice - Clicked on sign up link
[INFO ] 2026-10-06 15:05:18.333 [main] Automation_Practice - Clicked on sign up button
[INFO ] 2026-10-06 15:05:19.659 [main] Automation_Practice - Clicked on Title
[INFO ] 2026-10-06 15:05:32.961 [main] Automation_Practice - Account created
[INFO ] 2026-10-06 15:05:34.682 [main] Automation_Practice - Clicked on continue button
[INFO ] 2026-10-06 15:05:48.114 [main] Automation_Practice - Clicked on logout button
[INFO ] 2026-10-06 15:05:49.258 [main] Automation_Practice - Home Page Display with Logo
[INFO ] 2026-10-06 15:05:51.287 [main] Automation_Practice - click on signup/login
[INFO ] 2026-10-06 15:05:51.320 [main] Automation_Practice - sign in page display
[INFO ] 2026-10-06 15:08:06.347 [main] Automation_Practice - Url open..!
[INFO ] 2026-10-06 15:08:21.545 [main] Automation_Practice - Clicked on sign up link
[INFO ] 2026-10-06 15:08:27.009 [main] Automation_Practice - Clicked on sign up button
[INFO ] 2026-10-06 15:08:28.799 [main] Automation_Practice - Clicked on Title
[INFO ] 2026-10-06 15:09:03.652 [main] Automation_Practice - Account created
[INFO ] 2026-10-06 15:09:05.141 [main] Automation_Practice - Clicked on continue button
[INFO ] 2026-10-06 15:09:37.123 [main] Automation_Practice - Clicked on logout button
[INFO ] 2026-10-06 15:09:37.188 [main] Automation_Practice - Home Page Display with Logo
[INFO ] 2026-10-06 15:09:41.819 [main] Automation_Practice - click on signup/login
[INFO ] 2026-10-06 15:09:41.945 [main] Automation_Practice - sign in page display
[INFO ] 2026-10-06 15:30:16.221 [main] Automation_Practice - Url open..!
[INFO ] 2026-10-06 15:30:27.988 [main] Automation_Practice - Clicked on sign up link
[INFO ] 2026-10-06 15:30:38.146 [main] Automation_Practice - Clicked on sign up button
[INFO ] 2026-10-06 15:30:38.627 [main] Automation_Practice - Clicked on Title
[INFO ] 2026-10-06 15:30:56.800 [main] Automation_Practice - Account created
[INFO ] 2026-10-06 15:31:03.087 [main] Automation_Practice - Clicked on continue button
[INFO ] 2026-10-06 15:31:06.631 [main] Automation_Practice - Clicked on logout button
[INFO ] 2026-10-06 15:31:06.713 [main] Automation_Practice - Home Page Display with Logo
[INFO ] 2026-10-06 15:31:12.930 [main] Automation_Practice - click on signup/login
[INFO ] 2026-10-06 15:31:13.027 [main] Automation_Practice - sign in page display
[INFO ] 2026-10-06 15:31:13.715 [main] Automation_Practice - click on login btn
[INFO ] 2026-10-06 15:38:24.968 [main] Automation_Practice - Url open..!
[INFO ] 2026-10-06 15:39:03.030 [main] Automation_Practice - Clicked on sign up link
[INFO ] 2026-10-06 15:39:37.844 [main] Automation_Practice - Clicked on sign up button
[INFO ] 2026-10-06 15:39:41.258 [main] Automation_Practice - Clicked on Title
[INFO ] 2026-10-06 15:39:54.551 [main] Automation_Practice - Account created
[INFO ] 2026-10-06 15:39:59.440 [main] Automation_Practice - Clicked on continue button
[INFO ] 2026-10-06 15:40:01.067 [main] Automation_Practice - Clicked on logout button
[INFO ] 2026-10-06 15:40:01.797 [main] Automation_Practice - Home Page Display with Logo
[INFO ] 2026-10-06 15:40:16.214 [main] Automation_Practice - click on signup/login
[INFO ] 2026-10-06 15:40:18.367 [main] Automation_Practice - sign in page display
[INFO ] 2026-10-06 15:40:25.474 [main] Automation_Practice - click on login btn
[INFO ] 2026-10-06 15:40:27.963 [main] Automation_Practice - loginAs visible
[INFO ] 2026-10-06 15:40:28.255 [main] Automation_Practice - click on account delete btn
[INFO ] 2026-10-06 15:47:06.792 [main] Automation_Practice - Url open..!
[INFO ] 2026-10-06 15:47:21.273 [main] Automation_Practice - Clicked on sign up link
[INFO ] 2026-10-06 15:47:34.824 [main] Automation_Practice - Clicked on sign up button
[INFO ] 2026-10-06 15:47:36.738 [main] Automation_Practice - Clicked on Title
[INFO ] 2026-10-06 15:48:01.321 [main] Automation_Practice - Account created
[INFO ] 2026-10-06 15:48:11.835 [main] Automation_Practice - Clicked on continue button
[INFO ] 2026-10-06 15:48:17.191 [main] Automation_Practice - Clicked on logout button
[INFO ] 2026-10-06 15:48:17.351 [main] Automation_Practice - Home Page Display with Logo
[INFO ] 2026-10-06 15:48:21.258 [main] Automation_Practice - click on signup/login
[INFO ] 2026-10-06 15:48:21.322 [main] Automation_Practice - sign in page display
[INFO ] 2026-10-06 15:48:34.656 [main] Automation_Practice - click on login btn
[INFO ] 2026-10-06 15:48:35.020 [main] Automation_Practice - loginAs visible
[INFO ] 2026-10-06 15:48:36.809 [main] Automation_Practice - click on account delete btn
[INFO ] 2026-10-08 13:35:42.621 [main] Automation_Practice - Url open..!
[INFO ] 2026-10-08 13:36:17.527 [main] Automation_Practice - Clicked on sign up link
[INFO ] 2026-10-08 13:36:45.734 [main] Automation_Practice - Clicked on sign up button
[INFO ] 2026-10-08 13:36:46.051 [main] Automation_Practice - Clicked on Title
[INFO ] 2026-10-08 13:37:13.461 [main] Automation_Practice - Account created
[INFO ] 2026-10-08 13:37:15.710 [main] Automation_Practice - Clicked on continue button
[INFO ] 2026-10-08 13:37:38.663 [main] Automation_Practice - Clicked on logout button
[INFO ] 2026-10-08 13:37:42.851 [main] Automation_Practice - Home Page Display with Logo
[INFO ] 2026-10-08 13:37:48.712 [main] Automation_Practice - click on signup/login
[INFO ] 2026-10-08 13:37:56.466 [main] Automation_Practice - sign in page display
[INFO ] 2026-10-08 13:38:06.345 [main] Automation_Practice - click on login btn
[INFO ] 2026-10-08 13:38:06.428 [main] Automation_Practice - loginAs visible
[INFO ] 2026-10-08 13:38:16.128 [main] Automation_Practice - click on account delete btn
[INFO ] 2026-10-08 13:38:16.186 [main] Automation_Practice - Assertion for delete message
[INFO ] 2026-10-08 14:35:28.878 [main] Automation_Practice - Url open..!
[INFO ] 2026-10-08 14:35:33.593 [main] Automation_Practice - ----------------testcase1 Started ----------
[INFO ] 2026-10-08 14:35:34.607 [main] Automation_Practice - Clicked on sign up link
[INFO ] 2026-10-08 14:35:36.923 [main] Automation_Practice - Clicked on sign up button
[INFO ] 2026-10-08 14:35:37.264 [main] Automation_Practice - Clicked on Title
[INFO ] 2026-10-08 14:35:43.246 [main] Automation_Practice - Account created
[INFO ] 2026-10-08 14:35:45.578 [main] Automation_Practice - Clicked on continue button
[INFO ] 2026-10-08 14:35:45.579 [main] Automation_Practice - verifing logged succesfully
[INFO ] 2026-10-08 14:36:18.266 [main] Automation_Practice - click on delete account link
[INFO ] 2026-10-08 14:36:18.326 [main] Automation_Practice -  Accont deleted successfully
[INFO ] 2026-10-08 14:36:20.464 [main] Automation_Practice -  Click on Continur btn
[INFO ] 2026-10-08 14:36:20.465 [main] Automation_Practice - ------testcase1 passed!!! -------------
[INFO ] 2026-10-08 14:36:25.061 [main] Automation_Practice - Url open..!
[INFO ] 2026-10-08 14:36:30.741 [main] Automation_Practice - Clicked on sign up link
[INFO ] 2026-10-08 14:36:33.123 [main] Automation_Practice - Clicked on sign up button
[INFO ] 2026-10-08 14:36:33.385 [main] Automation_Practice - Clicked on Title
[INFO ] 2026-10-08 14:36:39.825 [main] Automation_Practice - Account created
[INFO ] 2026-10-08 14:36:42.602 [main] Automation_Practice - Clicked on continue button
[INFO ] 2026-10-08 14:36:44.349 [main] Automation_Practice - Clicked on logout button
[INFO ] 2026-10-08 14:36:44.387 [main] Automation_Practice - Home Page Display with Logo
[INFO ] 2026-10-08 14:36:45.870 [main] Automation_Practice - click on signup/login
[INFO ] 2026-10-08 14:36:45.910 [main] Automation_Practice - sign in page display
[INFO ] 2026-10-08 14:36:46.372 [main] Automation_Practice - click on login btn
[INFO ] 2026-10-08 14:36:49.688 [main] Automation_Practice - loginAs visible
[INFO ] 2026-10-08 14:36:51.529 [main] Automation_Practice - click on account delete btn
[INFO ] 2026-10-08 14:36:51.606 [main] Automation_Practice - Assertion for delete message
[INFO ] 2026-10-08 14:45:34.793 [main] Automation_Practice - Url open..!
[INFO ] 2026-10-08 14:45:40.698 [main] Automation_Practice - ----------------testcase1 Started ----------
[INFO ] 2026-10-08 14:45:43.589 [main] Automation_Practice - Clicked on sign up link
[INFO ] 2026-10-08 14:45:45.465 [main] Automation_Practice - Clicked on sign up button
[INFO ] 2026-10-08 14:45:45.819 [main] Automation_Practice - Clicked on Title
[INFO ] 2026-10-08 14:45:51.537 [main] Automation_Practice - Account created
[INFO ] 2026-10-08 14:45:54.809 [main] Automation_Practice - Clicked on continue button
[INFO ] 2026-10-08 14:45:54.810 [main] Automation_Practice - verifing logged succesfully
[INFO ] 2026-10-08 14:46:26.216 [main] Automation_Practice - click on delete account link
[INFO ] 2026-10-08 14:46:26.249 [main] Automation_Practice -  Accont deleted successfully
[INFO ] 2026-10-08 14:46:29.049 [main] Automation_Practice -  Click on Continur btn
[INFO ] 2026-10-08 14:46:29.051 [main] Automation_Practice - ------testcase1 passed!!! -------------
[INFO ] 2026-10-08 14:46:30.881 [main] Automation_Practice - Url open..!
[INFO ] 2026-10-08 14:46:38.992 [main] Automation_Practice - Clicked on sign up link
[INFO ] 2026-10-08 14:46:41.567 [main] Automation_Practice - Clicked on sign up button
[INFO ] 2026-10-08 14:46:42.155 [main] Automation_Practice - Clicked on Title
[INFO ] 2026-10-08 14:46:44.922 [main] Automation_Practice - Account created
[INFO ] 2026-10-08 14:59:06.507 [main] Automation_Practice - Url open..!
[INFO ] 2026-10-08 14:59:11.697 [main] Automation_Practice - ----------------testcase1 Started ----------
[INFO ] 2026-10-08 14:59:13.873 [main] Automation_Practice - Clicked on sign up link
[INFO ] 2026-10-08 14:59:15.844 [main] Automation_Practice - Clicked on sign up button
[INFO ] 2026-10-08 14:59:16.275 [main] Automation_Practice - Clicked on Title
[INFO ] 2026-10-08 14:59:22.138 [main] Automation_Practice - Account created
[INFO ] 2026-10-08 14:59:24.984 [main] Automation_Practice - Clicked on continue button
[INFO ] 2026-10-08 14:59:24.986 [main] Automation_Practice - verifing logged succesfully
[INFO ] 2026-10-08 14:59:58.545 [main] Automation_Practice - click on delete account link
[INFO ] 2026-10-08 14:59:58.601 [main] Automation_Practice -  Accont deleted successfully
[INFO ] 2026-10-08 15:00:03.135 [main] Automation_Practice -  Click on Continur btn
[INFO ] 2026-10-08 15:00:03.137 [main] Automation_Practice - ------testcase1 passed!!! -------------
[INFO ] 2026-10-08 15:00:05.222 [main] Automation_Practice - Url open..!
[INFO ] 2026-10-08 15:00:11.877 [main] Automation_Practice - Clicked on sign up link
[INFO ] 2026-10-08 15:00:12.723 [main] Automation_Practice - Clicked on sign up button
[INFO ] 2026-10-08 15:00:15.907 [main] Automation_Practice - Clicked on Title
[INFO ] 2026-10-08 15:00:18.849 [main] Automation_Practice - Account created
[INFO ] 2026-10-08 15:04:23.461 [main] Automation_Practice - Url open..!
[INFO ] 2026-10-08 15:04:33.795 [main] Automation_Practice - Clicked on sign up link
[INFO ] 2026-10-08 15:04:36.360 [main] Automation_Practice - Clicked on sign up button
[INFO ] 2026-10-08 15:04:37.488 [main] Automation_Practice - Clicked on Title
[INFO ] 2026-10-08 15:04:42.229 [main] Automation_Practice - Account created
